#-----------------------------------------------------------
# Vivado v2020.2 (64-bit)
# SW Build 3064766 on Wed Nov 18 09:12:45 MST 2020
# IP Build 3064653 on Wed Nov 18 14:17:31 MST 2020
# Start of session at: Fri Nov 19 07:42:47 2021
# Process ID: 361552
# Current directory: C:/Users/fbadi/OneDrive/Documents/taller_digital/lab5-grupo_04_2021_s2_lab5/Pruebas/microprocesador/prueba_microprocesador/prueba_microprocesador.runs/synth_1
# Command line: vivado.exe -log TopMicro.vds -product Vivado -mode batch -messageDb vivado.pb -notrace -source TopMicro.tcl
# Log file: C:/Users/fbadi/OneDrive/Documents/taller_digital/lab5-grupo_04_2021_s2_lab5/Pruebas/microprocesador/prueba_microprocesador/prueba_microprocesador.runs/synth_1/TopMicro.vds
# Journal file: C:/Users/fbadi/OneDrive/Documents/taller_digital/lab5-grupo_04_2021_s2_lab5/Pruebas/microprocesador/prueba_microprocesador/prueba_microprocesador.runs/synth_1\vivado.jou
#-----------------------------------------------------------
source TopMicro.tcl -notrace
